[INFO] Scanning for projects...
[INFO] 
[INFO] -------------------< com.Elansari.Mohamed.Reda:demo >-------------------
[INFO] Building  0.0.1-SNAPSHOT
[INFO]   from pom.xml
[INFO] --------------------------------[ jar ]---------------------------------
[INFO] 
[INFO] --- resources:3.3.1:resources (default-resources) @ demo ---
[INFO] Copying 1 resource from src\main\resources to target\classes
[INFO] Copying 0 resource from src\main\resources to target\classes
[INFO] 
[INFO] --- compiler:3.14.1:compile (default-compile) @ demo ---
[INFO] Nothing to compile - all classes are up to date.
[INFO] 
[INFO] --- resources:3.3.1:testResources (default-testResources) @ demo ---
[INFO] skip non existing resourceDirectory C:\Users\user\Downloads\demo\src\test\resources
[INFO] 
[INFO] --- compiler:3.14.1:testCompile (default-testCompile) @ demo ---
[INFO] Nothing to compile - all classes are up to date.
[INFO] 
[INFO] --- surefire:3.5.5:test (default-test) @ demo ---
[INFO] Using auto detected provider org.apache.maven.surefire.junitplatform.JUnitPlatformProvider
[INFO] 
[INFO] -------------------------------------------------------
[INFO]  T E S T S
[INFO] -------------------------------------------------------
[INFO] Running com.Elansari.Mohamed.Reda.demo.AuthTests
12:54:08.063 [main] INFO org.springframework.test.context.support.AnnotationConfigContextLoaderUtils -- Could not detect default configuration classes for test class [com.Elansari.Mohamed.Reda.demo.AuthTests]: AuthTests does not declare any static, non-private, non-final, nested classes annotated with @Configuration.
12:54:08.333 [main] INFO org.springframework.boot.test.context.SpringBootTestContextBootstrapper -- Found @SpringBootConfiguration com.Elansari.Mohamed.Reda.demo.DemoApplication for test class com.Elansari.Mohamed.Reda.demo.AuthTests

  .   ____          _            __ _ _
 /\\ / ___'_ __ _ _(_)_ __  __ _ \ \ \ \
( ( )\___ | '_ | '_| | '_ \/ _` | \ \ \ \
 \\/  ___)| |_)| | | | | || (_| |  ) ) ) )
  '  |____| .__|_| |_|_| |_\__, | / / / /
 =========|_|==============|___/=/_/_/_/

 :: Spring Boot ::               (v3.5.14)

2026-05-11T12:54:09.991+02:00  INFO 3632 --- [           main] c.Elansari.Mohamed.Reda.demo.AuthTests   : Starting AuthTests using Java 17.0.14 with PID 3632 (started by user in C:\Users\user\Downloads\demo)
2026-05-11T12:54:09.995+02:00  INFO 3632 --- [           main] c.Elansari.Mohamed.Reda.demo.AuthTests   : No active profile set, falling back to 1 default profile: "default"
2026-05-11T12:54:12.764+02:00  INFO 3632 --- [           main] .s.d.r.c.RepositoryConfigurationDelegate : Bootstrapping Spring Data JPA repositories in DEFAULT mode.
2026-05-11T12:54:12.917+02:00  INFO 3632 --- [           main] .s.d.r.c.RepositoryConfigurationDelegate : Finished Spring Data repository scanning in 134 ms. Found 4 JPA repository interfaces.
2026-05-11T12:54:14.238+02:00  INFO 3632 --- [           main] o.hibernate.jpa.internal.util.LogHelper  : HHH000204: Processing PersistenceUnitInfo [name: default]
2026-05-11T12:54:14.520+02:00  INFO 3632 --- [           main] org.hibernate.Version                    : HHH000412: Hibernate ORM core version 6.6.49.Final
2026-05-11T12:54:14.678+02:00  INFO 3632 --- [           main] o.h.c.internal.RegionFactoryInitiator    : HHH000026: Second-level cache disabled
2026-05-11T12:54:15.566+02:00  INFO 3632 --- [           main] o.s.o.j.p.SpringPersistenceUnitInfo      : No LoadTimeWeaver setup: ignoring JPA class transformer
2026-05-11T12:54:15.637+02:00  INFO 3632 --- [           main] com.zaxxer.hikari.HikariDataSource       : HikariPool-1 - Starting...
2026-05-11T12:54:16.059+02:00  INFO 3632 --- [           main] com.zaxxer.hikari.pool.HikariPool        : HikariPool-1 - Added connection conn0: url=jdbc:h2:mem:examdb user=SA
2026-05-11T12:54:16.064+02:00  INFO 3632 --- [           main] com.zaxxer.hikari.HikariDataSource       : HikariPool-1 - Start completed.
2026-05-11T12:54:16.123+02:00  WARN 3632 --- [           main] org.hibernate.orm.deprecation            : HHH90000025: H2Dialect does not need to be specified explicitly using 'hibernate.dialect' (remove the property setting and it will be selected by default)
2026-05-11T12:54:16.171+02:00  INFO 3632 --- [           main] org.hibernate.orm.connections.pooling    : HHH10001005: Database info:
	Database JDBC URL [Connecting through datasource 'HikariDataSource (HikariPool-1)']
	Database driver: undefined/unknown
	Database version: 2.3.232
	Autocommit mode: undefined/unknown
	Isolation level: undefined/unknown
	Minimum pool size: undefined/unknown
	Maximum pool size: undefined/unknown
Hibernate: 
    create global temporary table HT_contrat_assurance(id bigint not null, primary key (id)) TRANSACTIONAL
Hibernate: 
    create global temporary table HTE_contrat_assurance(date_souscription date, date_validation date, duree_contrat integer, nombre_personnes_couvertes integer, HTE_IDENTITY bigint generated 
by
    default as identity, client_id bigint, id bigint, montant_cotisation float(53), superficie float(53), taux_couverture float(53), adresse varchar(255), marque varchar(255), modele varchar(255), numero_immatriculation varchar(255), niveau_couverture enum ('BASIQUE', 'INTERMEDIAIRE', 'PREMIUM'), statut enum ('EN_COURS', 'RESILIE', 'VALIDE'), type_logement enum ('APPARTEMENT', 'LOCAL_COMMERCIAL', 'MAISON'), primary key (HTE_IDENTITY)) TRANSACTIONAL
Hibernate: 
    create global temporary table HTE_contrat_sante(date_souscription date, date_validation date, duree_contrat integer, nombre_personnes_couvertes integer, HTE_IDENTITY bigint generated 
by
    default as identity, client_id bigint, id bigint, montant_cotisation float(53), taux_couverture float(53), niveau_couverture enum ('BASIQUE', 'INTERMEDIAIRE', 'PREMIUM'), statut enum ('EN_COURS', 'RESILIE', 'VALIDE'), primary key (HTE_IDENTITY)) TRANSACTIONAL
Hibernate: 
    create global temporary table HTE_contrat_auto(date_souscription date, date_validation date, duree_contrat integer, HTE_IDENTITY bigint generated 
by
    default as identity, client_id bigint, id bigint, montant_cotisation float(53), taux_couverture float(53), marque varchar(255), modele varchar(255), numero_immatriculation varchar(255), statut enum ('EN_COURS', 'RESILIE', 'VALIDE'), primary key (HTE_IDENTITY)) TRANSACTIONAL
Hibernate: 
    create global temporary table HTE_contrat_habitation(date_souscription date, date_validation date, duree_contrat integer, HTE_IDENTITY bigint generated 
by
    default as identity, client_id bigint, id bigint, montant_cotisation float(53), superficie float(53), taux_couverture float(53), adresse varchar(255), statut enum ('EN_COURS', 'RESILIE', 'VALIDE'), type_logement enum ('APPARTEMENT', 'LOCAL_COMMERCIAL', 'MAISON'), primary key (HTE_IDENTITY)) TRANSACTIONAL
2026-05-11T12:54:18.131+02:00  INFO 3632 --- [           main] o.h.e.t.j.p.i.JtaPlatformInitiator       : HHH000489: No JTA platform available (set 'hibernate.transaction.jta.platform' to enable JTA platform integration)
Hibernate: 
    drop table if exists client cascade 
Hibernate: 
    drop table if exists contrat_assurance cascade 
Hibernate: 
    drop table if exists contrat_auto cascade 
Hibernate: 
    drop table if exists contrat_habitation cascade 
Hibernate: 
    drop table if exists contrat_sante cascade 
Hibernate: 
    drop table if exists paiement cascade 
Hibernate: 
    drop table if exists user_roles cascade 
Hibernate: 
    drop table if exists users cascade 
Hibernate: 
    create table client (
        id bigint generated by default as identity,
        email varchar(255) unique,
        nom varchar(255),
        primary key (id)
    )
Hibernate: 
    create table contrat_assurance (
        date_souscription date,
        date_validation date,
        duree_contrat integer,
        montant_cotisation float(53),
        taux_couverture float(53),
        client_id bigint,
        id bigint generated by default as identity,
        statut enum ('EN_COURS','RESILIE','VALIDE'),
        primary key (id)
    )
Hibernate: 
    create table contrat_auto (
        id bigint not null,
        marque varchar(255),
        modele varchar(255),
        numero_immatriculation varchar(255),
        primary key (id)
    )
Hibernate: 
    create table contrat_habitation (
        superficie float(53),
        id bigint not null,
        adresse varchar(255),
        type_logement enum ('APPARTEMENT','LOCAL_COMMERCIAL','MAISON'),
        primary key (id)
    )
Hibernate: 
    create table contrat_sante (
        nombre_personnes_couvertes integer,
        id bigint not null,
        niveau_couverture enum ('BASIQUE','INTERMEDIAIRE','PREMIUM'),
        primary key (id)
    )
Hibernate: 
    create table paiement (
        date date,
        montant float(53),
        contrat_id bigint,
        id bigint generated by default as identity,
        type enum ('MENSUALITE','PAIEMENT_ANNUEL','PAIEMENT_EXCEPTIONNEL'),
        primary key (id)
    )
Hibernate: 
    create table user_roles (
        user_id bigint not null,
        role varchar(255)
    )
Hibernate: 
    create table users (
        id bigint generated by default as identity,
        password varchar(255),
        username varchar(255) unique,
        primary key (id)
    )
Hibernate: 
    alter table if exists contrat_assurance 
       add constraint FK8vg04lawvjx1ly9acs5uu0js4 
       foreign key (client_id) 
       references client
Hibernate: 
    alter table if exists contrat_auto 
       add constraint FKa9g3mvve95ae17xr2pk7a5k26 
       foreign key (id) 
       references contrat_assurance
Hibernate: 
    alter table if exists contrat_habitation 
       add constraint FKmw3isd8mbnimbyfode5dscdyl 
       foreign key (id) 
       references contrat_assurance
Hibernate: 
    alter table if exists contrat_sante 
       add constraint FK6uajxb0u50upu5s435pdaqm6f 
       foreign key (id) 
       references contrat_assurance
Hibernate: 
    alter table if exists paiement 
       add constraint FKirv3292ito1rqkp09wxk457rm 
       foreign key (contrat_id) 
       references contrat_assurance
Hibernate: 
    alter table if exists user_roles 
       add constraint FKhfh9dx7w3ubf1co1vdev94g3f 
       foreign key (user_id) 
       references users
2026-05-11T12:54:18.196+02:00  INFO 3632 --- [           main] j.LocalContainerEntityManagerFactoryBean : Initialized JPA EntityManagerFactory for persistence unit 'default'
2026-05-11T12:54:18.892+02:00  INFO 3632 --- [           main] r$InitializeUserDetailsManagerConfigurer : Global AuthenticationManager configured with UserDetailsService bean with name userDetailsServiceImpl
2026-05-11T12:54:19.472+02:00  WARN 3632 --- [           main] JpaBaseConfiguration$JpaWebConfiguration : spring.jpa.open-in-view is enabled by default. Therefore, database queries may be performed during view rendering. Explicitly configure spring.jpa.open-in-view to disable this warning
2026-05-11T12:54:20.535+02:00 DEBUG 3632 --- [           main] o.s.s.web.DefaultSecurityFilterChain     : Will secure any request with filters: DisableEncodeUrlFilter, WebAsyncManagerIntegrationFilter, SecurityContextHolderFilter, HeaderWriterFilter, LogoutFilter, JwtAuthenticationFilter, RequestCacheAwareFilter, SecurityContextHolderAwareRequestFilter, AnonymousAuthenticationFilter, ExceptionTranslationFilter, AuthorizationFilter
2026-05-11T12:54:21.157+02:00  INFO 3632 --- [           main] o.s.b.a.h2.H2ConsoleAutoConfiguration    : H2 console available at '/h2-console'. Database available at 'jdbc:h2:mem:examdb'
2026-05-11T12:54:21.348+02:00  INFO 3632 --- [           main] o.s.b.t.m.w.SpringBootMockServletContext : Initializing Spring TestDispatcherServlet ''
2026-05-11T12:54:21.349+02:00  INFO 3632 --- [           main] o.s.t.web.servlet.TestDispatcherServlet  : Initializing Servlet ''
2026-05-11T12:54:21.351+02:00  INFO 3632 --- [           main] o.s.t.web.servlet.TestDispatcherServlet  : Completed initialization in 2 ms
2026-05-11T12:54:21.407+02:00  INFO 3632 --- [           main] c.Elansari.Mohamed.Reda.demo.AuthTests   : Started AuthTests in 12.457 seconds (process running for 14.881)
.\mvnw : OpenJDK 64-Bit Server VM warning: Sharing is only supported for boot 
loader classes because bootstrap classpath has been appended
Au caractère Ligne:1 : 1
+ .\mvnw test > test_output.txt 2>&1
+ ~~~~~~~~~~~~~~~~~~~~~~~~~~~~~~~~~~
    + CategoryInfo          : NotSpecified: (OpenJDK 64-Bit ...s been appended 
   :String) [], RemoteException
    + FullyQualifiedErrorId : NativeCommandError
 
Hibernate: 
    select
        u1_0.id,
        u1_0.password,
        u1_0.username 
    from
        users u1_0
Hibernate: 
    insert 
    into
        users
        (password, username, id) 
    values
        (?, ?, default)
Hibernate: 
    insert 
    into
        user_roles
        (user_id, role) 
    values
        (?, ?)
2026-05-11T12:54:22.954+02:00 DEBUG 3632 --- [           main] o.s.security.web.FilterChainProxy        : Securing POST /auth/login
2026-05-11T12:54:22.964+02:00 DEBUG 3632 --- [           main] o.s.security.web.FilterChainProxy        : Secured POST /auth/login
Hibernate: 
    select
        u1_0.id,
        u1_0.password,
        u1_0.username 
    from
        users u1_0 
    where
        u1_0.username=?
Hibernate: 
    select
        r1_0.user_id,
        r1_0.role 
    from
        user_roles r1_0 
    where
        r1_0.user_id=?
2026-05-11T12:54:23.438+02:00 DEBUG 3632 --- [           main] o.s.s.a.dao.DaoAuthenticationProvider    : Authenticated user
2026-05-11T12:54:23.439+02:00 DEBUG 3632 --- [           main] o.s.s.w.a.AnonymousAuthenticationFilter  : Set SecurityContextHolder to anonymous SecurityContext
Hibernate: 
    select
        u1_0.id,
        u1_0.password,
        u1_0.username 
    from
        users u1_0
Hibernate: 
    select
        r1_0.user_id,
        r1_0.role 
    from
        user_roles r1_0 
    where
        r1_0.user_id=?
Hibernate: 
    delete 
    from
        user_roles 
    where
        user_id=?
Hibernate: 
    delete 
    from
        users 
    where
        id=?
Hibernate: 
    insert 
    into
        users
        (password, username, id) 
    values
        (?, ?, default)
Hibernate: 
    insert 
    into
        user_roles
        (user_id, role) 
    values
        (?, ?)
2026-05-11T12:54:23.740+02:00 DEBUG 3632 --- [           main] o.s.security.web.FilterChainProxy        : Securing POST /auth/login
2026-05-11T12:54:23.740+02:00 DEBUG 3632 --- [           main] o.s.security.web.FilterChainProxy        : Secured POST /auth/login
Hibernate: 
    select
        u1_0.id,
        u1_0.password,
        u1_0.username 
    from
        users u1_0 
    where
        u1_0.username=?
Hibernate: 
    select
        r1_0.user_id,
        r1_0.role 
    from
        user_roles r1_0 
    where
        r1_0.user_id=?
2026-05-11T12:54:23.853+02:00 DEBUG 3632 --- [           main] o.s.s.a.dao.DaoAuthenticationProvider    : Failed to authenticate since password does not match stored value
2026-05-11T12:54:23.856+02:00 DEBUG 3632 --- [           main] o.s.s.authentication.ProviderManager     : Authentication failed with provider DaoAuthenticationProvider since Bad credentials
2026-05-11T12:54:23.867+02:00 DEBUG 3632 --- [           main] o.s.s.w.a.AnonymousAuthenticationFilter  : Set SecurityContextHolder to anonymous SecurityContext
[INFO] Tests run: 2, Failures: 0, Errors: 0, Skipped: 0, Time elapsed: 16.14 s -- in com.Elansari.Mohamed.Reda.demo.AuthTests
[INFO] Running com.Elansari.Mohamed.Reda.demo.ControllerTests
2026-05-11T12:54:23.883+02:00  INFO 3632 --- [           main] t.c.s.AnnotationConfigContextLoaderUtils : Could not detect default configuration classes for test class [com.Elansari.Mohamed.Reda.demo.ControllerTests]: ControllerTests does not declare any static, non-private, non-final, nested classes annotated with @Configuration.
2026-05-11T12:54:23.889+02:00  INFO 3632 --- [           main] .b.t.c.SpringBootTestContextBootstrapper : Found @SpringBootConfiguration com.Elansari.Mohamed.Reda.demo.DemoApplication for test class com.Elansari.Mohamed.Reda.demo.ControllerTests
Hibernate: 
    select
        c1_0.id,
        c1_0.email,
        c1_0.nom 
    from
        client c1_0
2026-05-11T12:54:23.933+02:00 DEBUG 3632 --- [           main] w.c.HttpSessionSecurityContextRepository : Created HttpSession as SecurityContext is non-default
2026-05-11T12:54:23.934+02:00 DEBUG 3632 --- [           main] w.c.HttpSessionSecurityContextRepository : Stored SecurityContextImpl [Authentication=UsernamePasswordAuthenticationToken [Principal=org.springframework.security.core.userdetails.User [Username=user, Password=[PROTECTED], Enabled=true, AccountNonExpired=true, CredentialsNonExpired=true, AccountNonLocked=true, Granted Authorities=[ROLE_USER]], Credentials=[PROTECTED], Authenticated=true, Details=null, Granted Authorities=[ROLE_USER]]] to HttpSession [org.springframework.mock.web.MockHttpSession@222b4ab1]
2026-05-11T12:54:23.935+02:00 DEBUG 3632 --- [           main] o.s.security.web.FilterChainProxy        : Securing GET /api/clients/999
2026-05-11T12:54:23.936+02:00 DEBUG 3632 --- [           main] w.c.HttpSessionSecurityContextRepository : Retrieved SecurityContextImpl [Authentication=UsernamePasswordAuthenticationToken [Principal=org.springframework.security.core.userdetails.User [Username=user, Password=[PROTECTED], Enabled=true, AccountNonExpired=true, CredentialsNonExpired=true, AccountNonLocked=true, Granted Authorities=[ROLE_USER]], Credentials=[PROTECTED], Authenticated=true, Details=null, Granted Authorities=[ROLE_USER]]]
2026-05-11T12:54:23.937+02:00 DEBUG 3632 --- [           main] o.s.security.web.FilterChainProxy        : Secured GET /api/clients/999
Hibernate: 
    select
        c1_0.id,
        c1_0.email,
        c1_0.nom 
    from
        client c1_0 
    where
        c1_0.id=?
Hibernate: 
    select
        c1_0.id,
        c1_0.email,
        c1_0.nom 
    from
        client c1_0
2026-05-11T12:54:24.022+02:00 DEBUG 3632 --- [           main] w.c.HttpSessionSecurityContextRepository : Created HttpSession as SecurityContext is non-default
2026-05-11T12:54:24.023+02:00 DEBUG 3632 --- [           main] w.c.HttpSessionSecurityContextRepository : Stored SecurityContextImpl [Authentication=UsernamePasswordAuthenticationToken [Principal=org.springframework.security.core.userdetails.User [Username=user, Password=[PROTECTED], Enabled=true, AccountNonExpired=true, CredentialsNonExpired=true, AccountNonLocked=true, Granted Authorities=[ROLE_ADMIN]], Credentials=[PROTECTED], Authenticated=true, Details=null, Granted Authorities=[ROLE_ADMIN]]] to HttpSession [org.springframework.mock.web.MockHttpSession@416dd4d8]
2026-05-11T12:54:24.024+02:00 DEBUG 3632 --- [           main] o.s.security.web.FilterChainProxy        : Securing POST /api/clients
2026-05-11T12:54:24.025+02:00 DEBUG 3632 --- [           main] w.c.HttpSessionSecurityContextRepository : Retrieved SecurityContextImpl [Authentication=UsernamePasswordAuthenticationToken [Principal=org.springframework.security.core.userdetails.User [Username=user, Password=[PROTECTED], Enabled=true, AccountNonExpired=true, CredentialsNonExpired=true, AccountNonLocked=true, Granted Authorities=[ROLE_ADMIN]], Credentials=[PROTECTED], Authenticated=true, Details=null, Granted Authorities=[ROLE_ADMIN]]]
2026-05-11T12:54:24.026+02:00 DEBUG 3632 --- [           main] o.s.security.web.FilterChainProxy        : Secured POST /api/clients
Hibernate: 
    select
        c1_0.id,
        c1_0.email,
        c1_0.nom 
    from
        client c1_0
2026-05-11T12:54:24.101+02:00 DEBUG 3632 --- [           main] w.c.HttpSessionSecurityContextRepository : Created HttpSession as SecurityContext is non-default
2026-05-11T12:54:24.101+02:00 DEBUG 3632 --- [           main] w.c.HttpSessionSecurityContextRepository : Stored SecurityContextImpl [Authentication=UsernamePasswordAuthenticationToken [Principal=org.springframework.security.core.userdetails.User [Username=user, Password=[PROTECTED], Enabled=true, AccountNonExpired=true, CredentialsNonExpired=true, AccountNonLocked=true, Granted Authorities=[ROLE_USER]], Credentials=[PROTECTED], Authenticated=true, Details=null, Granted Authorities=[ROLE_USER]]] to HttpSession [org.springframework.mock.web.MockHttpSession@554f6e30]
2026-05-11T12:54:24.102+02:00 DEBUG 3632 --- [           main] o.s.security.web.FilterChainProxy        : Securing POST /api/clients
2026-05-11T12:54:24.103+02:00 DEBUG 3632 --- [           main] w.c.HttpSessionSecurityContextRepository : Retrieved SecurityContextImpl [Authentication=UsernamePasswordAuthenticationToken [Principal=org.springframework.security.core.userdetails.User [Username=user, Password=[PROTECTED], Enabled=true, AccountNonExpired=true, CredentialsNonExpired=true, AccountNonLocked=true, Granted Authorities=[ROLE_USER]], Credentials=[PROTECTED], Authenticated=true, Details=null, Granted Authorities=[ROLE_USER]]]
2026-05-11T12:54:24.103+02:00 DEBUG 3632 --- [           main] o.s.security.web.FilterChainProxy        : Secured POST /api/clients
2026-05-11T12:54:24.124+02:00 DEBUG 3632 --- [           main] horizationManagerBeforeMethodInterceptor : Authorizing method invocation ReflectiveMethodInvocation: public com.Elansari.Mohamed.Reda.demo.dtos.ClientDTO com.Elansari.Mohamed.Reda.demo.controllers.ClientController.createClient(com.Elansari.Mohamed.Reda.demo.dtos.ClientDTO); target is of class [com.Elansari.Mohamed.Reda.demo.controllers.ClientController]
2026-05-11T12:54:24.151+02:00 DEBUG 3632 --- [           main] horizationManagerBeforeMethodInterceptor : Failed to authorize ReflectiveMethodInvocation: public com.Elansari.Mohamed.Reda.demo.dtos.ClientDTO com.Elansari.Mohamed.Reda.demo.controllers.ClientController.createClient(com.Elansari.Mohamed.Reda.demo.dtos.ClientDTO); target is of class [com.Elansari.Mohamed.Reda.demo.controllers.ClientController] with authorization manager org.springframework.security.authorization.method.PreAuthorizeAuthorizationManager@7c9a39cb and result ExpressionAuthorizationDecision [granted=false, expressionAttribute=hasRole('ADMIN')]
[INFO] Tests run: 3, Failures: 0, Errors: 0, Skipped: 0, Time elapsed: 0.283 s -- in com.Elansari.Mohamed.Reda.demo.ControllerTests
[INFO] Running com.Elansari.Mohamed.Reda.demo.DemoApplicationTests
2026-05-11T12:54:24.175+02:00  INFO 3632 --- [           main] t.c.s.AnnotationConfigContextLoaderUtils : Could not detect default configuration classes for test class [com.Elansari.Mohamed.Reda.demo.DemoApplicationTests]: DemoApplicationTests does not declare any static, non-private, non-final, nested classes annotated with @Configuration.
2026-05-11T12:54:24.180+02:00  INFO 3632 --- [           main] .b.t.c.SpringBootTestContextBootstrapper : Found @SpringBootConfiguration com.Elansari.Mohamed.Reda.demo.DemoApplication for test class com.Elansari.Mohamed.Reda.demo.DemoApplicationTests

  .   ____          _            __ _ _
 /\\ / ___'_ __ _ _(_)_ __  __ _ \ \ \ \
( ( )\___ | '_ | '_| | '_ \/ _` | \ \ \ \
 \\/  ___)| |_)| | | | | || (_| |  ) ) ) )
  '  |____| .__|_| |_|_| |_\__, | / / / /
 =========|_|==============|___/=/_/_/_/

 :: Spring Boot ::               (v3.5.14)

2026-05-11T12:54:24.323+02:00  INFO 3632 --- [           main] c.E.M.Reda.demo.DemoApplicationTests     : Starting DemoApplicationTests using Java 17.0.14 with PID 3632 (started by user in C:\Users\user\Downloads\demo)
2026-05-11T12:54:24.323+02:00  INFO 3632 --- [           main] c.E.M.Reda.demo.DemoApplicationTests     : No active profile set, falling back to 1 default profile: "default"
2026-05-11T12:54:25.060+02:00  INFO 3632 --- [           main] .s.d.r.c.RepositoryConfigurationDelegate : Bootstrapping Spring Data JPA repositories in DEFAULT mode.
2026-05-11T12:54:25.138+02:00  INFO 3632 --- [           main] .s.d.r.c.RepositoryConfigurationDelegate : Finished Spring Data repository scanning in 74 ms. Found 4 JPA repository interfaces.
2026-05-11T12:54:25.388+02:00  INFO 3632 --- [           main] o.hibernate.jpa.internal.util.LogHelper  : HHH000204: Processing PersistenceUnitInfo [name: default]
2026-05-11T12:54:25.397+02:00  INFO 3632 --- [           main] o.h.c.internal.RegionFactoryInitiator    : HHH000026: Second-level cache disabled
2026-05-11T12:54:25.423+02:00  INFO 3632 --- [           main] o.s.o.j.p.SpringPersistenceUnitInfo      : No LoadTimeWeaver setup: ignoring JPA class transformer
2026-05-11T12:54:25.425+02:00  INFO 3632 --- [           main] com.zaxxer.hikari.HikariDataSource       : HikariPool-2 - Starting...
2026-05-11T12:54:25.427+02:00  INFO 3632 --- [           main] com.zaxxer.hikari.pool.HikariPool        : HikariPool-2 - Added connection conn10: url=jdbc:h2:mem:examdb user=SA
2026-05-11T12:54:25.427+02:00  INFO 3632 --- [           main] com.zaxxer.hikari.HikariDataSource       : HikariPool-2 - Start completed.
2026-05-11T12:54:25.428+02:00  WARN 3632 --- [           main] org.hibernate.orm.deprecation            : HHH90000025: H2Dialect does not need to be specified explicitly using 'hibernate.dialect' (remove the property setting and it will be selected by default)
2026-05-11T12:54:25.430+02:00  INFO 3632 --- [           main] org.hibernate.orm.connections.pooling    : HHH10001005: Database info:
	Database JDBC URL [Connecting through datasource 'HikariDataSource (HikariPool-2)']
	Database driver: undefined/unknown
	Database version: 2.3.232
	Autocommit mode: undefined/unknown
	Isolation level: undefined/unknown
	Minimum pool size: undefined/unknown
	Maximum pool size: undefined/unknown
Hibernate: 
    create global temporary table HT_contrat_assurance(id bigint not null, primary key (id)) TRANSACTIONAL
Hibernate: 
    create global temporary table HTE_contrat_assurance(date_souscription date, date_validation date, duree_contrat integer, nombre_personnes_couvertes integer, HTE_IDENTITY bigint generated 
by
    default as identity, client_id bigint, id bigint, montant_cotisation float(53), superficie float(53), taux_couverture float(53), adresse varchar(255), marque varchar(255), modele varchar(255), numero_immatriculation varchar(255), niveau_couverture enum ('BASIQUE', 'INTERMEDIAIRE', 'PREMIUM'), statut enum ('EN_COURS', 'RESILIE', 'VALIDE'), type_logement enum ('APPARTEMENT', 'LOCAL_COMMERCIAL', 'MAISON'), primary key (HTE_IDENTITY)) TRANSACTIONAL
Hibernate: 
    create global temporary table HTE_contrat_sante(date_souscription date, date_validation date, duree_contrat integer, nombre_personnes_couvertes integer, HTE_IDENTITY bigint generated 
by
    default as identity, client_id bigint, id bigint, montant_cotisation float(53), taux_couverture float(53), niveau_couverture enum ('BASIQUE', 'INTERMEDIAIRE', 'PREMIUM'), statut enum ('EN_COURS', 'RESILIE', 'VALIDE'), primary key (HTE_IDENTITY)) TRANSACTIONAL
Hibernate: 
    create global temporary table HTE_contrat_auto(date_souscription date, date_validation date, duree_contrat integer, HTE_IDENTITY bigint generated 
by
    default as identity, client_id bigint, id bigint, montant_cotisation float(53), taux_couverture float(53), marque varchar(255), modele varchar(255), numero_immatriculation varchar(255), statut enum ('EN_COURS', 'RESILIE', 'VALIDE'), primary key (HTE_IDENTITY)) TRANSACTIONAL
Hibernate: 
    create global temporary table HTE_contrat_habitation(date_souscription date, date_validation date, duree_contrat integer, HTE_IDENTITY bigint generated 
by
    default as identity, client_id bigint, id bigint, montant_cotisation float(53), superficie float(53), taux_couverture float(53), adresse varchar(255), statut enum ('EN_COURS', 'RESILIE', 'VALIDE'), type_logement enum ('APPARTEMENT', 'LOCAL_COMMERCIAL', 'MAISON'), primary key (HTE_IDENTITY)) TRANSACTIONAL
2026-05-11T12:54:25.619+02:00  INFO 3632 --- [           main] o.h.e.t.j.p.i.JtaPlatformInitiator       : HHH000489: No JTA platform available (set 'hibernate.transaction.jta.platform' to enable JTA platform integration)
Hibernate: 
    drop table if exists client cascade 
Hibernate: 
    drop table if exists contrat_assurance cascade 
Hibernate: 
    drop table if exists contrat_auto cascade 
Hibernate: 
    drop table if exists contrat_habitation cascade 
Hibernate: 
    drop table if exists contrat_sante cascade 
Hibernate: 
    drop table if exists paiement cascade 
Hibernate: 
    drop table if exists user_roles cascade 
Hibernate: 
    drop table if exists users cascade 
Hibernate: 
    create table client (
        id bigint generated by default as identity,
        email varchar(255) unique,
        nom varchar(255),
        primary key (id)
    )
Hibernate: 
    create table contrat_assurance (
        date_souscription date,
        date_validation date,
        duree_contrat integer,
        montant_cotisation float(53),
        taux_couverture float(53),
        client_id bigint,
        id bigint generated by default as identity,
        statut enum ('EN_COURS','RESILIE','VALIDE'),
        primary key (id)
    )
Hibernate: 
    create table contrat_auto (
        id bigint not null,
        marque varchar(255),
        modele varchar(255),
        numero_immatriculation varchar(255),
        primary key (id)
    )
Hibernate: 
    create table contrat_habitation (
        superficie float(53),
        id bigint not null,
        adresse varchar(255),
        type_logement enum ('APPARTEMENT','LOCAL_COMMERCIAL','MAISON'),
        primary key (id)
    )
Hibernate: 
    create table contrat_sante (
        nombre_personnes_couvertes integer,
        id bigint not null,
        niveau_couverture enum ('BASIQUE','INTERMEDIAIRE','PREMIUM'),
        primary key (id)
    )
Hibernate: 
    create table paiement (
        date date,
        montant float(53),
        contrat_id bigint,
        id bigint generated by default as identity,
        type enum ('MENSUALITE','PAIEMENT_ANNUEL','PAIEMENT_EXCEPTIONNEL'),
        primary key (id)
    )
Hibernate: 
    create table user_roles (
        user_id bigint not null,
        role varchar(255)
    )
Hibernate: 
    create table users (
        id bigint generated by default as identity,
        password varchar(255),
        username varchar(255) unique,
        primary key (id)
    )
Hibernate: 
    alter table if exists contrat_assurance 
       add constraint FK8vg04lawvjx1ly9acs5uu0js4 
       foreign key (client_id) 
       references client
Hibernate: 
    alter table if exists contrat_auto 
       add constraint FKa9g3mvve95ae17xr2pk7a5k26 
       foreign key (id) 
       references contrat_assurance
Hibernate: 
    alter table if exists contrat_habitation 
       add constraint FKmw3isd8mbnimbyfode5dscdyl 
       foreign key (id) 
       references contrat_assurance
Hibernate: 
    alter table if exists contrat_sante 
       add constraint FK6uajxb0u50upu5s435pdaqm6f 
       foreign key (id) 
       references contrat_assurance
Hibernate: 
    alter table if exists paiement 
       add constraint FKirv3292ito1rqkp09wxk457rm 
       foreign key (contrat_id) 
       references contrat_assurance
Hibernate: 
    alter table if exists user_roles 
       add constraint FKhfh9dx7w3ubf1co1vdev94g3f 
       foreign key (user_id) 
       references users
2026-05-11T12:54:25.663+02:00  INFO 3632 --- [           main] j.LocalContainerEntityManagerFactoryBean : Initialized JPA EntityManagerFactory for persistence unit 'default'
2026-05-11T12:54:25.757+02:00  INFO 3632 --- [           main] r$InitializeUserDetailsManagerConfigurer : Global AuthenticationManager configured with UserDetailsService bean with name userDetailsServiceImpl
2026-05-11T12:54:25.954+02:00  WARN 3632 --- [           main] JpaBaseConfiguration$JpaWebConfiguration : spring.jpa.open-in-view is enabled by default. Therefore, database queries may be performed during view rendering. Explicitly configure spring.jpa.open-in-view to disable this warning
2026-05-11T12:54:26.277+02:00 DEBUG 3632 --- [           main] o.s.s.web.DefaultSecurityFilterChain     : Will secure any request with filters: DisableEncodeUrlFilter, WebAsyncManagerIntegrationFilter, SecurityContextHolderFilter, HeaderWriterFilter, LogoutFilter, JwtAuthenticationFilter, RequestCacheAwareFilter, SecurityContextHolderAwareRequestFilter, AnonymousAuthenticationFilter, ExceptionTranslationFilter, AuthorizationFilter
2026-05-11T12:54:26.730+02:00  INFO 3632 --- [           main] o.s.b.a.h2.H2ConsoleAutoConfiguration    : H2 console available at '/h2-console'. Database available at 'jdbc:h2:mem:examdb'
2026-05-11T12:54:26.853+02:00  INFO 3632 --- [           main] c.E.M.Reda.demo.DemoApplicationTests     : Started DemoApplicationTests in 2.663 seconds (process running for 20.328)
[INFO] Tests run: 1, Failures: 0, Errors: 0, Skipped: 0, Time elapsed: 2.709 s -- in com.Elansari.Mohamed.Reda.demo.DemoApplicationTests
[INFO] Running com.Elansari.Mohamed.Reda.demo.ServiceTests
2026-05-11T12:54:26.935+02:00  INFO 3632 --- [           main] t.c.s.AnnotationConfigContextLoaderUtils : Could not detect default configuration classes for test class [com.Elansari.Mohamed.Reda.demo.ServiceTests]: ServiceTests does not declare any static, non-private, non-final, nested classes annotated with @Configuration.
2026-05-11T12:54:26.944+02:00  INFO 3632 --- [           main] .b.t.c.SpringBootTestContextBootstrapper : Found @SpringBootConfiguration com.Elansari.Mohamed.Reda.demo.DemoApplication for test class com.Elansari.Mohamed.Reda.demo.ServiceTests
Hibernate: 
    insert 
    into
        client
        (email, nom, id) 
    values
        (?, ?, default)
Hibernate: 
    insert 
    into
        contrat_assurance
        (client_id, date_souscription, date_validation, duree_contrat, montant_cotisation, statut, taux_couverture, id) 
    values
        (?, ?, ?, ?, ?, ?, ?, default)
Hibernate: 
    insert 
    into
        contrat_auto
        (marque, modele, numero_immatriculation, id) 
    values
        (?, ?, ?, ?)
Hibernate: 
    select
        count(*) 
    from
        client c1_0 
    where
        c1_0.id=?
Hibernate: 
    select
        ca1_0.id,
        case 
            when ca1_1.id is not null 
                then 1 
            when ca1_2.id is not null 
                then 2 
            when ca1_3.id is not null 
                then 3 
        end,
        ca1_0.client_id,
        ca1_0.date_souscription,
        ca1_0.date_validation,
        ca1_0.duree_contrat,
        ca1_0.montant_cotisation,
        ca1_0.statut,
        ca1_0.taux_couverture,
        ca1_1.marque,
        ca1_1.modele,
        ca1_1.numero_immatriculation,
        ca1_2.adresse,
        ca1_2.superficie,
        ca1_2.type_logement,
        ca1_3.niveau_couverture,
        ca1_3.nombre_personnes_couvertes 
    from
        contrat_assurance ca1_0 
    left join
        contrat_auto ca1_1 
            on ca1_0.id=ca1_1.id 
    left join
        contrat_habitation ca1_2 
            on ca1_0.id=ca1_2.id 
    left join
        contrat_sante ca1_3 
            on ca1_0.id=ca1_3.id 
    left join
        client c1_0 
            on c1_0.id=ca1_0.client_id 
    where
        c1_0.id=?
Hibernate: 
    insert 
    into
        paiement
        (contrat_id, date, montant, type, id) 
    values
        (?, ?, ?, ?, default)
Hibernate: 
    update
        contrat_assurance 
    set
        client_id=?,
        date_souscription=?,
        date_validation=?,
        duree_contrat=?,
        montant_cotisation=?,
        statut=?,
        taux_couverture=? 
    where
        id=?
Hibernate: 
    select
        count(*) 
    from
        contrat_assurance ca1_0 
    where
        ca1_0.id=?
Hibernate: 
    select
        p1_0.id,
        p1_0.contrat_id,
        p1_0.date,
        p1_0.montant,
        p1_0.type 
    from
        paiement p1_0 
    left join
        contrat_assurance c1_0 
            on c1_0.id=p1_0.contrat_id 
    where
        c1_0.id=?
[INFO] Tests run: 1, Failures: 0, Errors: 0, Skipped: 0, Time elapsed: 0.886 s -- in com.Elansari.Mohamed.Reda.demo.ServiceTests
[INFO] 
[INFO] Results:
[INFO] 
[INFO] Tests run: 7, Failures: 0, Errors: 0, Skipped: 0
[INFO] 
[INFO] ------------------------------------------------------------------------
[INFO] BUILD SUCCESS
[INFO] ------------------------------------------------------------------------
[INFO] Total time:  27.424 s
[INFO] Finished at: 2026-05-11T12:54:28+02:00
[INFO] ------------------------------------------------------------------------
